// Jest Snapshot v1, https://goo.gl/fbAQLP

exports[`renders the RecipeForm component correctly 1`] = `
<div>
  <div>
    <form
      class="recipeForm"
    >
      <h1
        class="formTitle"
      >
        Share your recipe with us!
      </h1>
      <h2
        class="sectionTitle"
      >
        Recipe Detail
      </h2>
      <div
        class="recipeFormGroup"
      >
        <label
          class="groupLabel"
          for="title"
        >
          Title
          <span>
            *
          </span>
        </label>
        <input
          id="title"
          name="title"
          required=""
          type="text"
        />
      </div>
      <div
        class="categoryGroup"
      >
        <label
          class="groupLabel"
          for="category"
        >
          Recipe Category
          <span>
            *
          </span>
        </label>
        <div>
          <select
            class="dropDown"
            id="category"
            name="category"
          >
            <option
              value="1"
            >
              Breadfast
            </option>
            <option
              value="2"
            >
              Lunch
            </option>
            <option
              value="3"
            >
              Dinner
            </option>
            <option
              value="4"
            >
              Desserts
            </option>
            <option
              value="5"
            >
              Drinks
            </option>
            <option
              value="6"
            >
              Holiday
            </option>
          </select>
        </div>
      </div>
      <div
        class="recipeFormGroup"
      >
        <label
          class="groupLabel"
          for="serves"
        >
          Number of Servings
          <span>
            *
          </span>
        </label>
        <input
          id="serves"
          name="serves"
          pattern="[0-9]{1,2}"
          placeholder="Please enter number from 1 to 99"
          required=""
          title="Please enter number from 1 to 99"
          type="text"
        />
      </div>
      <div
        class="recipeFormGroup"
      >
        <label
          class="groupLabel"
          for="cookTime"
        >
          Cook Time
          <span>
            *
          </span>
        </label>
        <input
          id="cookTime"
          name="cookTime"
          placeholder="e.g. 1 hr 20 mins"
          required=""
          type="text"
        />
      </div>
      <div
        class="difficultyGroup"
      >
        <label
          class="groupLabel"
        >
          Difficulty
        </label>
        <div
          class="optionGroup"
        >
          <div>
            <input
              checked=""
              id="easy"
              name="difficulty"
              type="radio"
              value="easy"
            />
            <label
              class="redioOption"
              for="easy"
            >
              Easy
            </label>
          </div>
          <div>
            <input
              id="medium"
              name="difficulty"
              type="radio"
              value="medium"
            />
            <label
              class="redioOption"
              for="medium"
            >
              Medium
            </label>
          </div>
          <div>
            <input
              id="hard"
              name="difficulty"
              type="radio"
              value="hard"
            />
            <label
              class="redioOption"
              for="hard"
            >
              Hard
            </label>
          </div>
        </div>
      </div>
      <div
        class="recipeFormGroup"
      >
        <label
          class="groupLabel"
          for="description"
        >
          Description
          <span>
            *
          </span>
        </label>
        <textarea
          id="description"
          name="description"
          required=""
          rows="3"
        />
      </div>
      <div
        class="recipeFormGroup"
      >
        <label
          class="groupLabel"
          for="ingredients"
        >
          Ingredients
          <span>
            *
          </span>
        </label>
        <textarea
          id="ingredients"
          name="ingredients"
          required=""
          rows="4"
        />
      </div>
      <div
        class="recipeFormGroup"
      >
        <label
          class="groupLabel"
          for="instructions"
        >
          Instructions
          <span>
            *
          </span>
        </label>
        <textarea
          id="instructions"
          name="instructions"
          required=""
          rows="4"
        />
      </div>
      <div
        class="recipeFormGroup"
      >
        <label
          class="groupLabel"
          for="image"
        >
          Recipe Image
        </label>
        <input
          class="recipeFormGroup"
          id="image"
          name="image"
          type="file"
        />
      </div>
      <h2
        class="sectionTitle"
      >
        Recipe Credit
      </h2>
      <div
        class="recipeFormGroup"
      >
        <label
          class="groupLabel"
        >
          First Name
          <span>
            *
          </span>
        </label>
        <input
          pattern="[A-Za-z]{1,20}"
          required=""
          title="Please enter 1 to 20 letters"
          type="text"
        />
      </div>
      <div
        class="recipeFormGroup"
      >
        <label
          class="groupLabel"
        >
          Last Name
          <span>
            *
          </span>
        </label>
        <input
          pattern="[A-Za-z]{1,20}"
          required=""
          title="Please enter 1 to 20 letters"
          type="text"
        />
      </div>
      <div
        class="recipeFormGroup"
      >
        <label
          class="groupLabel"
        >
          Email
          <span>
            *
          </span>
        </label>
        <input
          placeholder="example@gmail.com"
          required=""
          type="email"
        />
      </div>
      <div
        class="recipeFormGroup"
      >
        <label
          class="groupLabel"
        >
          How would you rate your overall satisfaction with our recipes?
        </label>
        <div>
          <select
            class="dropDown"
          >
            <option
              value="5"
            >
              Extremely satisfied
            </option>
            <option
              value="4"
            >
              Somewhat satisfied
            </option>
            <option
              value="3"
            >
              Neither satisfied nor dissatisfied
            </option>
            <option
              value="2"
            >
              Somewhat dissatisfied
            </option>
            <option
              value="1"
            >
              Extremely dissatisfied
            </option>
          </select>
        </div>
      </div>
      <input
        class="button"
        type="submit"
        value="Submit your recipe"
      />
    </form>
  </div>
</div>
`;
